2025-11-19 15:45:00,378 - INFO - ============================================================
2025-11-19 15:45:00,378 - INFO - BMZ ACQUISITION PIPELINE STARTING
2025-11-19 15:45:00,378 - INFO - ============================================================
2025-11-19 15:45:00,378 - INFO - Mode: LIVE CRAWLING
2025-11-19 15:45:00,378 - INFO - Dry run: False
2025-11-19 15:45:00,378 - INFO - Log file: /home/user/evidence-ai/data/raw/bmz/logs/bmz_crawl_20251119_154500.log
2025-11-19 15:45:00,379 - INFO - 
--- Starting Evaluation Portal Crawl ---
2025-11-19 15:45:00,379 - INFO - Crawling BMZ Evaluation Portal: https://www.bmz.de/de/ministerium/evaluierung/berichte
2025-11-19 15:45:00,379 - INFO - Fetching evaluation portal page 1
2025-11-19 15:45:01,253 - WARNING - Retry 1/3 for https://www.bmz.de/de/ministerium/evaluierung/berichte?page=1 after 2s: 404 Client Error: Not Found for url: https://www.bmz.de/de/ministerium/evaluierung/berichte?page=1
2025-11-19 15:45:03,590 - WARNING - Retry 2/3 for https://www.bmz.de/de/ministerium/evaluierung/berichte?page=1 after 4s: 404 Client Error: Not Found for url: https://www.bmz.de/de/ministerium/evaluierung/berichte?page=1
2025-11-19 15:45:07,925 - ERROR - Failed to fetch https://www.bmz.de/de/ministerium/evaluierung/berichte?page=1 after 3 attempts: 404 Client Error: Not Found for url: https://www.bmz.de/de/ministerium/evaluierung/berichte?page=1
2025-11-19 15:45:07,926 - DEBUG - Saved failed snapshot to /home/user/evidence-ai/data/raw/bmz/logs/failed_snapshots/failed_16a283b0_20251119_154507.txt
2025-11-19 15:45:08,047 - WARNING - Retry 1/3 for https://www.bmz.de/de/ministerium/evaluierung/berichte after 2s: 404 Client Error: Not Found for url: https://www.bmz.de/de/ministerium/evaluierung/berichte
2025-11-19 15:45:10,380 - WARNING - Retry 2/3 for https://www.bmz.de/de/ministerium/evaluierung/berichte after 4s: 404 Client Error: Not Found for url: https://www.bmz.de/de/ministerium/evaluierung/berichte
2025-11-19 15:45:14,717 - ERROR - Failed to fetch https://www.bmz.de/de/ministerium/evaluierung/berichte after 3 attempts: 404 Client Error: Not Found for url: https://www.bmz.de/de/ministerium/evaluierung/berichte
2025-11-19 15:45:14,717 - DEBUG - Saved failed snapshot to /home/user/evidence-ai/data/raw/bmz/logs/failed_snapshots/failed_20db0994_20251119_154514.txt
2025-11-19 15:45:14,718 - INFO - Evaluation Portal: 0 documents
2025-11-19 15:45:14,718 - INFO - 
--- Starting Country Strategies Crawl ---
2025-11-19 15:45:14,718 - INFO - Crawling BMZ Country Strategies: https://www.bmz.de/de/laender
2025-11-19 15:45:14,718 - INFO - Fetching country strategies page 1
2025-11-19 15:45:14,866 - INFO - Found 4 country pages on page 1
2025-11-19 15:45:15,305 - INFO - Fetching country strategies page 2
2025-11-19 15:45:15,465 - INFO - Fetching country strategies page 3
2025-11-19 15:45:15,609 - INFO - Fetching country strategies page 4
2025-11-19 15:45:15,753 - INFO - Fetching country strategies page 5
2025-11-19 15:45:15,898 - INFO - Fetching country strategies page 6
2025-11-19 15:45:16,048 - INFO - Fetching country strategies page 7
2025-11-19 15:45:16,196 - INFO - Fetching country strategies page 8
2025-11-19 15:45:16,449 - INFO - Fetching country strategies page 9
2025-11-19 15:45:16,597 - INFO - Fetching country strategies page 10
2025-11-19 15:45:16,743 - INFO - Fetching country strategies page 11
2025-11-19 15:45:16,893 - INFO - Fetching country strategies page 12
2025-11-19 15:45:17,061 - INFO - Fetching country strategies page 13
2025-11-19 15:45:17,225 - INFO - Fetching country strategies page 14
2025-11-19 15:45:17,388 - INFO - Fetching country strategies page 15
2025-11-19 15:45:17,534 - INFO - Fetching country strategies page 16
2025-11-19 15:45:17,724 - INFO - Fetching country strategies page 17
2025-11-19 15:45:17,868 - INFO - Fetching country strategies page 18
2025-11-19 15:45:18,011 - INFO - Fetching country strategies page 19
2025-11-19 15:45:18,156 - INFO - Fetching country strategies page 20
2025-11-19 15:45:18,300 - INFO - Fetching country strategies page 21
2025-11-19 15:45:18,443 - INFO - Fetching country strategies page 22
2025-11-19 15:45:18,587 - INFO - Fetching country strategies page 23
2025-11-19 15:45:18,732 - INFO - Fetching country strategies page 24
2025-11-19 15:45:18,894 - INFO - Fetching country strategies page 25
2025-11-19 15:45:19,054 - INFO - Fetching country strategies page 26
2025-11-19 15:45:19,216 - INFO - Fetching country strategies page 27
2025-11-19 15:45:19,377 - INFO - Fetching country strategies page 28
2025-11-19 15:45:19,521 - INFO - Fetching country strategies page 29
2025-11-19 15:45:19,700 - INFO - Fetching country strategies page 30
2025-11-19 15:45:19,843 - INFO - Fetching country strategies page 31
2025-11-19 15:45:19,988 - INFO - Fetching country strategies page 32
2025-11-19 15:45:20,132 - INFO - Fetching country strategies page 33
2025-11-19 15:45:20,275 - INFO - Fetching country strategies page 34
2025-11-19 15:45:20,419 - INFO - Fetching country strategies page 35
2025-11-19 15:45:20,562 - INFO - Fetching country strategies page 36
2025-11-19 15:45:20,710 - INFO - Fetching country strategies page 37
2025-11-19 15:45:20,855 - INFO - Fetching country strategies page 38
2025-11-19 15:45:20,998 - INFO - Fetching country strategies page 39
2025-11-19 15:45:21,143 - INFO - Fetching country strategies page 40
2025-11-19 15:45:21,287 - INFO - Fetching country strategies page 41
2025-11-19 15:45:21,432 - INFO - Fetching country strategies page 42
2025-11-19 15:45:21,577 - INFO - Fetching country strategies page 43
2025-11-19 15:45:21,763 - INFO - Fetching country strategies page 44
2025-11-19 15:45:21,911 - INFO - Fetching country strategies page 45
2025-11-19 15:45:22,057 - INFO - Fetching country strategies page 46
2025-11-19 15:45:22,201 - INFO - Fetching country strategies page 47
2025-11-19 15:45:22,359 - INFO - Fetching country strategies page 48
2025-11-19 15:45:22,503 - INFO - Fetching country strategies page 49
2025-11-19 15:45:22,651 - INFO - Fetching country strategies page 50
2025-11-19 15:45:22,794 - INFO - After Country Strategies: 0 documents
2025-11-19 15:45:22,795 - INFO - 
--- Starting SDG Papers Crawl ---
2025-11-19 15:45:22,795 - INFO - Crawling BMZ SDG Papers: https://www.bmz.de/de/presse/infothek/sdg
2025-11-19 15:45:22,795 - INFO - Fetching SDG papers page 1
2025-11-19 15:45:23,098 - INFO - Found 0 SDG paper links on page 1
2025-11-19 15:45:23,098 - INFO - After SDG Papers: 0 documents
2025-11-19 15:45:23,098 - INFO - 
--- Saving Metadata and Reports ---
2025-11-19 15:45:23,098 - INFO - Saving metadata to /home/user/evidence-ai/data/raw/bmz/metadata/bmz_metadata.jsonl
2025-11-19 15:45:23,099 - INFO - Saved 0 documents to JSONL
2025-11-19 15:45:23,099 - INFO - Saving summary CSV to /home/user/evidence-ai/data/raw/bmz/metadata/bmz_summary.csv
2025-11-19 15:45:23,099 - INFO - Saved summary CSV with 0 records
2025-11-19 15:45:23,099 - INFO - Generating status report: /home/user/evidence-ai/data/raw/bmz/metadata/README_bmz_status.md
2025-11-19 15:45:23,099 - INFO - Status report saved to /home/user/evidence-ai/data/raw/bmz/metadata/README_bmz_status.md
2025-11-19 15:45:23,099 - INFO - 
============================================================
2025-11-19 15:45:23,099 - INFO - BMZ ACQUISITION SUMMARY
2025-11-19 15:45:23,099 - INFO - ============================================================
2025-11-19 15:45:23,099 - INFO - Total documents found: 0
2025-11-19 15:45:23,099 - INFO - Failed URLs: 2
2025-11-19 15:45:23,099 - INFO - Documents flagged for PII: 0
2025-11-19 15:45:23,100 - INFO - 
Document types:
2025-11-19 15:45:23,100 - INFO - 
SDG coverage:
2025-11-19 15:45:23,100 - INFO - 
Year distribution:
2025-11-19 15:45:23,100 - INFO - 
Failed URLs (showing 2):
2025-11-19 15:45:23,100 - INFO -   - https://www.bmz.de/de/ministerium/evaluierung/berichte?page=1...: 404 Client Error: Not Found for url: https://www.bmz.de/de/ministerium/evaluierung/berichte?page=1
2025-11-19 15:45:23,100 - INFO -   - https://www.bmz.de/de/ministerium/evaluierung/berichte...: 404 Client Error: Not Found for url: https://www.bmz.de/de/ministerium/evaluierung/berichte
2025-11-19 15:45:23,100 - INFO - 
Output files:
2025-11-19 15:45:23,100 - INFO -   - Metadata: /home/user/evidence-ai/data/raw/bmz/metadata/bmz_metadata.jsonl
2025-11-19 15:45:23,100 - INFO -   - Summary CSV: /home/user/evidence-ai/data/raw/bmz/metadata/bmz_summary.csv
2025-11-19 15:45:23,100 - INFO -   - Status Report: /home/user/evidence-ai/data/raw/bmz/metadata/README_bmz_status.md
2025-11-19 15:45:23,100 - INFO -   - Log: /home/user/evidence-ai/data/raw/bmz/logs/bmz_crawl_20251119_154500.log
2025-11-19 15:45:23,100 - INFO - ============================================================

2025-11-19 15:45:23,100 - INFO - ============================================================
2025-11-19 15:45:23,100 - INFO - BMZ ACQUISITION PIPELINE COMPLETED SUCCESSFULLY
2025-11-19 15:45:23,100 - INFO - ============================================================
