2025-11-19 15:43:51,432 - INFO - ============================================================
2025-11-19 15:43:51,432 - INFO - BMZ ACQUISITION PIPELINE STARTING
2025-11-19 15:43:51,432 - INFO - ============================================================
2025-11-19 15:43:51,432 - INFO - Mode: LIVE CRAWLING
2025-11-19 15:43:51,432 - INFO - Dry run: False
2025-11-19 15:43:51,432 - INFO - Log file: /home/user/evidence-ai/data/raw/bmz/logs/bmz_crawl_20251119_154351.log
2025-11-19 15:43:51,433 - INFO - 
--- Starting Evaluation Portal Crawl ---
2025-11-19 15:43:51,433 - INFO - Crawling BMZ Evaluation Portal: https://www.bmz.de/de/ministerium/evaluierung/berichte
2025-11-19 15:43:51,433 - INFO - Fetching evaluation portal page 1
2025-11-19 15:43:52,447 - WARNING - Retry 1/3 for https://www.bmz.de/de/ministerium/evaluierung/berichte?page=1 after 2s: 404 Client Error: Not Found for url: https://www.bmz.de/de/ministerium/evaluierung/berichte?page=1
2025-11-19 15:43:54,777 - WARNING - Retry 2/3 for https://www.bmz.de/de/ministerium/evaluierung/berichte?page=1 after 4s: 404 Client Error: Not Found for url: https://www.bmz.de/de/ministerium/evaluierung/berichte?page=1
2025-11-19 15:43:59,111 - ERROR - Failed to fetch https://www.bmz.de/de/ministerium/evaluierung/berichte?page=1 after 3 attempts: 404 Client Error: Not Found for url: https://www.bmz.de/de/ministerium/evaluierung/berichte?page=1
2025-11-19 15:43:59,112 - DEBUG - Saved failed snapshot to /home/user/evidence-ai/data/raw/bmz/logs/failed_snapshots/failed_16a283b0_20251119_154359.txt
2025-11-19 15:43:59,278 - WARNING - Retry 1/3 for https://www.bmz.de/de/ministerium/evaluierung/berichte after 2s: 404 Client Error: Not Found for url: https://www.bmz.de/de/ministerium/evaluierung/berichte
2025-11-19 15:44:01,608 - WARNING - Retry 2/3 for https://www.bmz.de/de/ministerium/evaluierung/berichte after 4s: 404 Client Error: Not Found for url: https://www.bmz.de/de/ministerium/evaluierung/berichte
2025-11-19 15:44:05,940 - ERROR - Failed to fetch https://www.bmz.de/de/ministerium/evaluierung/berichte after 3 attempts: 404 Client Error: Not Found for url: https://www.bmz.de/de/ministerium/evaluierung/berichte
2025-11-19 15:44:05,941 - DEBUG - Saved failed snapshot to /home/user/evidence-ai/data/raw/bmz/logs/failed_snapshots/failed_20db0994_20251119_154405.txt
2025-11-19 15:44:05,941 - INFO - Evaluation Portal: 0 documents
2025-11-19 15:44:05,941 - INFO - 
--- Starting Country Strategies Crawl ---
2025-11-19 15:44:05,941 - INFO - Crawling BMZ Country Strategies: https://www.bmz.de/de/laender
2025-11-19 15:44:05,941 - INFO - Fetching country strategies page 1
2025-11-19 15:44:06,086 - INFO - Found 4 country pages on page 1
2025-11-19 15:44:07,819 - INFO - Fetching country strategies page 2
2025-11-19 15:44:08,206 - INFO - Fetching country strategies page 3
2025-11-19 15:44:08,576 - INFO - Fetching country strategies page 4
2025-11-19 15:44:08,960 - INFO - Fetching country strategies page 5
2025-11-19 15:44:09,399 - INFO - Fetching country strategies page 6
2025-11-19 15:44:09,888 - INFO - Fetching country strategies page 7
2025-11-19 15:44:10,347 - INFO - Fetching country strategies page 8
2025-11-19 15:44:10,834 - INFO - Fetching country strategies page 9
2025-11-19 15:44:11,296 - INFO - Fetching country strategies page 10
2025-11-19 15:44:11,652 - INFO - Fetching country strategies page 11
2025-11-19 15:44:12,119 - INFO - Fetching country strategies page 12
2025-11-19 15:44:12,617 - INFO - Fetching country strategies page 13
2025-11-19 15:44:13,079 - INFO - Fetching country strategies page 14
2025-11-19 15:44:13,549 - INFO - Fetching country strategies page 15
2025-11-19 15:44:14,014 - INFO - Fetching country strategies page 16
2025-11-19 15:44:14,431 - INFO - Fetching country strategies page 17
2025-11-19 15:44:14,786 - INFO - Fetching country strategies page 18
2025-11-19 15:44:15,244 - INFO - Fetching country strategies page 19
2025-11-19 15:44:15,611 - INFO - Fetching country strategies page 20
2025-11-19 15:44:15,978 - INFO - Fetching country strategies page 21
2025-11-19 15:44:16,443 - INFO - Fetching country strategies page 22
2025-11-19 15:44:16,835 - INFO - Fetching country strategies page 23
2025-11-19 15:44:17,194 - INFO - Fetching country strategies page 24
2025-11-19 15:44:17,566 - INFO - Fetching country strategies page 25
2025-11-19 15:44:17,926 - INFO - Fetching country strategies page 26
2025-11-19 15:44:18,308 - INFO - Fetching country strategies page 27
2025-11-19 15:44:18,854 - INFO - Fetching country strategies page 28
2025-11-19 15:44:19,312 - INFO - Fetching country strategies page 29
2025-11-19 15:44:19,725 - INFO - Fetching country strategies page 30
2025-11-19 15:44:20,086 - INFO - Fetching country strategies page 31
2025-11-19 15:44:20,478 - INFO - Fetching country strategies page 32
2025-11-19 15:44:20,834 - INFO - Fetching country strategies page 33
2025-11-19 15:44:21,189 - INFO - Fetching country strategies page 34
2025-11-19 15:44:21,544 - INFO - Fetching country strategies page 35
2025-11-19 15:44:21,895 - INFO - Fetching country strategies page 36
2025-11-19 15:44:22,282 - INFO - Fetching country strategies page 37
2025-11-19 15:44:22,641 - INFO - Fetching country strategies page 38
2025-11-19 15:44:23,103 - INFO - Fetching country strategies page 39
2025-11-19 15:44:23,573 - INFO - Fetching country strategies page 40
2025-11-19 15:44:23,942 - INFO - Fetching country strategies page 41
2025-11-19 15:44:24,343 - INFO - Fetching country strategies page 42
2025-11-19 15:44:24,734 - INFO - Fetching country strategies page 43
2025-11-19 15:44:25,159 - INFO - Fetching country strategies page 44
2025-11-19 15:44:25,510 - INFO - Fetching country strategies page 45
2025-11-19 15:44:26,124 - INFO - Fetching country strategies page 46
2025-11-19 15:44:26,592 - INFO - Fetching country strategies page 47
2025-11-19 15:44:27,072 - INFO - Fetching country strategies page 48
2025-11-19 15:44:27,470 - INFO - Fetching country strategies page 49
2025-11-19 15:44:27,931 - INFO - Fetching country strategies page 50
2025-11-19 15:44:28,514 - INFO - After Country Strategies: 0 documents
2025-11-19 15:44:28,514 - INFO - 
--- Starting SDG Papers Crawl ---
2025-11-19 15:44:28,514 - INFO - Crawling BMZ SDG Papers: https://www.bmz.de/de/presse/infothek/sdg
2025-11-19 15:44:28,514 - INFO - Fetching SDG papers page 1
2025-11-19 15:44:28,817 - INFO - Found 0 SDG paper links on page 1
2025-11-19 15:44:28,817 - INFO - After SDG Papers: 0 documents
2025-11-19 15:44:28,818 - INFO - 
--- Saving Metadata and Reports ---
2025-11-19 15:44:28,818 - INFO - Saving metadata to /home/user/evidence-ai/data/raw/bmz/metadata/bmz_metadata.jsonl
2025-11-19 15:44:28,818 - INFO - Saved 0 documents to JSONL
2025-11-19 15:44:28,818 - INFO - Saving summary CSV to /home/user/evidence-ai/data/raw/bmz/metadata/bmz_summary.csv
2025-11-19 15:44:28,819 - INFO - Saved summary CSV with 0 records
2025-11-19 15:44:28,819 - INFO - Generating status report: /home/user/evidence-ai/data/raw/bmz/metadata/README_bmz_status.md
2025-11-19 15:44:28,819 - ERROR - Crawling failed: division by zero
Traceback (most recent call last):
  File "/home/user/evidence-ai/dataset/bmz_acquisition.py", line 793, in run
    self.save_status_report()
  File "/home/user/evidence-ai/dataset/bmz_acquisition.py", line 710, in save_status_report
    - **Publication Year Populated**: {year_populated}/{total_docs} ({100*year_populated/total_docs:.1f}%)
                                                                      ~~~~~~~~~~~~~~~~~~^~~~~~~~~~~
ZeroDivisionError: division by zero
2025-11-19 15:44:28,820 - ERROR - ============================================================
