2025-11-19 15:55:37,812 - INFO - ======================================================================
2025-11-19 15:55:37,813 - INFO - World Bank & GFDRR Climate Adaptation Metadata Collection
2025-11-19 15:55:37,813 - INFO - ======================================================================
2025-11-19 15:55:37,813 - INFO - Fetching ICR document metadata (limit: 200)...
2025-11-19 15:55:38,275 - INFO - Fetched 1 ICR document metadata records (offset: 0, total: 1)
2025-11-19 15:55:39,072 - INFO - Fetched 1 ICR document metadata records (offset: 50, total: 2)
2025-11-19 15:55:39,774 - INFO - Fetched 1 ICR document metadata records (offset: 100, total: 3)
2025-11-19 15:55:40,427 - INFO - Fetched 1 ICR document metadata records (offset: 150, total: 4)
2025-11-19 15:55:41,151 - INFO - Fetched 1 ICR document metadata records (offset: 200, total: 5)
2025-11-19 15:55:41,794 - INFO - Fetched 1 ICR document metadata records (offset: 250, total: 6)
2025-11-19 15:55:42,520 - INFO - Fetched 1 ICR document metadata records (offset: 300, total: 7)
2025-11-19 15:55:43,236 - INFO - Fetched 1 ICR document metadata records (offset: 350, total: 8)
2025-11-19 15:55:43,972 - INFO - Fetched 1 ICR document metadata records (offset: 400, total: 9)
2025-11-19 15:55:44,684 - INFO - Fetched 1 ICR document metadata records (offset: 450, total: 10)
2025-11-19 15:55:45,328 - INFO - Fetched 1 ICR document metadata records (offset: 500, total: 11)
2025-11-19 15:55:45,969 - INFO - Fetched 1 ICR document metadata records (offset: 550, total: 12)
2025-11-19 15:55:46,727 - INFO - Fetched 1 ICR document metadata records (offset: 600, total: 13)
2025-11-19 15:55:47,431 - INFO - Fetched 1 ICR document metadata records (offset: 650, total: 14)
2025-11-19 15:55:48,055 - INFO - Fetched 1 ICR document metadata records (offset: 700, total: 15)
2025-11-19 15:55:48,689 - INFO - Fetched 1 ICR document metadata records (offset: 750, total: 16)
2025-11-19 15:55:49,333 - INFO - Fetched 1 ICR document metadata records (offset: 800, total: 17)
2025-11-19 15:55:49,998 - INFO - Fetched 1 ICR document metadata records (offset: 850, total: 18)
2025-11-19 15:55:50,647 - INFO - Fetched 1 ICR document metadata records (offset: 900, total: 19)
2025-11-19 15:55:51,353 - INFO - Fetched 1 ICR document metadata records (offset: 950, total: 20)
2025-11-19 15:55:52,008 - INFO - Fetched 1 ICR document metadata records (offset: 1000, total: 21)
2025-11-19 15:55:52,647 - INFO - Fetched 1 ICR document metadata records (offset: 1050, total: 22)
2025-11-19 15:55:53,386 - INFO - Fetched 1 ICR document metadata records (offset: 1100, total: 23)
2025-11-19 15:55:54,047 - INFO - Fetched 1 ICR document metadata records (offset: 1150, total: 24)
2025-11-19 15:55:54,720 - INFO - Fetched 1 ICR document metadata records (offset: 1200, total: 25)
2025-11-19 15:55:55,392 - INFO - Fetched 1 ICR document metadata records (offset: 1250, total: 26)
2025-11-19 15:55:56,072 - INFO - Fetched 1 ICR document metadata records (offset: 1300, total: 27)
2025-11-19 15:55:56,775 - INFO - Fetched 1 ICR document metadata records (offset: 1350, total: 28)
2025-11-19 15:55:57,427 - INFO - Fetched 1 ICR document metadata records (offset: 1400, total: 29)
2025-11-19 15:55:58,089 - INFO - Fetched 1 ICR document metadata records (offset: 1450, total: 30)
2025-11-19 15:55:58,762 - INFO - Fetched 1 ICR document metadata records (offset: 1500, total: 31)
2025-11-19 15:55:59,420 - INFO - Fetched 1 ICR document metadata records (offset: 1550, total: 32)
2025-11-19 15:56:00,087 - INFO - Fetched 1 ICR document metadata records (offset: 1600, total: 33)
2025-11-19 15:56:00,745 - INFO - Fetched 1 ICR document metadata records (offset: 1650, total: 34)
2025-11-19 15:56:01,472 - INFO - Fetched 1 ICR document metadata records (offset: 1700, total: 35)
2025-11-19 15:56:02,114 - INFO - Fetched 1 ICR document metadata records (offset: 1750, total: 36)
2025-11-19 15:56:02,851 - INFO - Fetched 1 ICR document metadata records (offset: 1800, total: 37)
2025-11-19 15:56:03,573 - INFO - Fetched 1 ICR document metadata records (offset: 1850, total: 38)
2025-11-19 15:56:04,263 - INFO - Fetched 1 ICR document metadata records (offset: 1900, total: 39)
2025-11-19 15:56:04,989 - INFO - Fetched 1 ICR document metadata records (offset: 1950, total: 40)
2025-11-19 15:56:05,635 - INFO - Fetched 1 ICR document metadata records (offset: 2000, total: 41)
2025-11-19 15:56:06,453 - INFO - Fetched 1 ICR document metadata records (offset: 2050, total: 42)
2025-11-19 15:56:07,199 - INFO - Fetched 1 ICR document metadata records (offset: 2100, total: 43)
2025-11-19 15:56:07,860 - INFO - Fetched 1 ICR document metadata records (offset: 2150, total: 44)
2025-11-19 15:56:08,520 - INFO - Fetched 1 ICR document metadata records (offset: 2200, total: 45)
2025-11-19 15:56:09,403 - INFO - Fetched 1 ICR document metadata records (offset: 2250, total: 46)
2025-11-19 15:56:10,129 - INFO - Fetched 1 ICR document metadata records (offset: 2300, total: 47)
2025-11-19 15:56:10,788 - INFO - Fetched 1 ICR document metadata records (offset: 2350, total: 48)
2025-11-19 15:56:11,442 - INFO - Fetched 1 ICR document metadata records (offset: 2400, total: 49)
2025-11-19 15:56:12,119 - INFO - Fetched 1 ICR document metadata records (offset: 2450, total: 50)
2025-11-19 15:56:12,759 - INFO - Fetched 1 ICR document metadata records (offset: 2500, total: 51)
2025-11-19 15:56:13,390 - INFO - Fetched 1 ICR document metadata records (offset: 2550, total: 52)
2025-11-19 15:56:14,077 - INFO - Fetched 1 ICR document metadata records (offset: 2600, total: 53)
2025-11-19 15:56:14,838 - INFO - Fetched 1 ICR document metadata records (offset: 2650, total: 54)
2025-11-19 15:56:15,530 - INFO - Fetched 1 ICR document metadata records (offset: 2700, total: 55)
2025-11-19 15:56:16,149 - INFO - Fetched 1 ICR document metadata records (offset: 2750, total: 56)
2025-11-19 15:56:16,815 - INFO - Fetched 1 ICR document metadata records (offset: 2800, total: 57)
2025-11-19 15:56:17,471 - INFO - Fetched 1 ICR document metadata records (offset: 2850, total: 58)
2025-11-19 15:56:18,106 - INFO - Fetched 1 ICR document metadata records (offset: 2900, total: 59)
2025-11-19 15:56:18,763 - INFO - Fetched 1 ICR document metadata records (offset: 2950, total: 60)
2025-11-19 15:56:19,414 - INFO - Fetched 1 ICR document metadata records (offset: 3000, total: 61)
2025-11-19 15:56:20,334 - INFO - Fetched 1 ICR document metadata records (offset: 3050, total: 62)
2025-11-19 15:56:21,040 - INFO - Fetched 1 ICR document metadata records (offset: 3100, total: 63)
2025-11-19 15:56:21,701 - INFO - Fetched 1 ICR document metadata records (offset: 3150, total: 64)
2025-11-19 15:56:22,372 - INFO - Fetched 1 ICR document metadata records (offset: 3200, total: 65)
2025-11-19 15:56:22,997 - INFO - Fetched 1 ICR document metadata records (offset: 3250, total: 66)
2025-11-19 15:56:23,686 - INFO - Fetched 1 ICR document metadata records (offset: 3300, total: 67)
2025-11-19 15:56:24,340 - INFO - Fetched 1 ICR document metadata records (offset: 3350, total: 68)
2025-11-19 15:56:25,049 - INFO - Fetched 1 ICR document metadata records (offset: 3400, total: 69)
2025-11-19 15:56:25,701 - INFO - Fetched 1 ICR document metadata records (offset: 3450, total: 70)
2025-11-19 15:56:26,355 - INFO - Fetched 1 ICR document metadata records (offset: 3500, total: 71)
2025-11-19 15:56:27,059 - INFO - Fetched 1 ICR document metadata records (offset: 3550, total: 72)
2025-11-19 15:56:27,738 - INFO - Fetched 1 ICR document metadata records (offset: 3600, total: 73)
2025-11-19 15:56:28,363 - INFO - Fetched 1 ICR document metadata records (offset: 3650, total: 74)
2025-11-19 15:56:28,996 - INFO - Fetched 1 ICR document metadata records (offset: 3700, total: 75)
2025-11-19 15:56:29,656 - INFO - Fetched 1 ICR document metadata records (offset: 3750, total: 76)
2025-11-19 15:56:30,309 - INFO - Fetched 1 ICR document metadata records (offset: 3800, total: 77)
2025-11-19 15:56:30,941 - INFO - Fetched 1 ICR document metadata records (offset: 3850, total: 78)
2025-11-19 15:56:31,591 - INFO - Fetched 1 ICR document metadata records (offset: 3900, total: 79)
2025-11-19 15:56:32,235 - INFO - Fetched 1 ICR document metadata records (offset: 3950, total: 80)
2025-11-19 15:56:32,881 - INFO - Fetched 1 ICR document metadata records (offset: 4000, total: 81)
2025-11-19 15:56:33,533 - INFO - Fetched 1 ICR document metadata records (offset: 4050, total: 82)
2025-11-19 15:56:34,170 - INFO - Fetched 1 ICR document metadata records (offset: 4100, total: 83)
2025-11-19 15:56:34,786 - INFO - Fetched 1 ICR document metadata records (offset: 4150, total: 84)
2025-11-19 15:56:35,428 - INFO - Fetched 1 ICR document metadata records (offset: 4200, total: 85)
2025-11-19 15:56:36,059 - INFO - Fetched 1 ICR document metadata records (offset: 4250, total: 86)
2025-11-19 15:56:36,711 - INFO - Fetched 1 ICR document metadata records (offset: 4300, total: 87)
2025-11-19 15:56:37,448 - INFO - Fetched 1 ICR document metadata records (offset: 4350, total: 88)
2025-11-19 15:56:38,115 - INFO - Fetched 1 ICR document metadata records (offset: 4400, total: 89)
2025-11-19 15:56:38,795 - INFO - Fetched 1 ICR document metadata records (offset: 4450, total: 90)
2025-11-19 15:56:39,438 - INFO - Fetched 1 ICR document metadata records (offset: 4500, total: 91)
2025-11-19 15:56:40,238 - INFO - Fetched 1 ICR document metadata records (offset: 4550, total: 92)
2025-11-19 15:56:40,946 - INFO - Fetched 1 ICR document metadata records (offset: 4600, total: 93)
2025-11-19 15:56:41,566 - INFO - Fetched 1 ICR document metadata records (offset: 4650, total: 94)
2025-11-19 15:56:42,376 - INFO - Fetched 1 ICR document metadata records (offset: 4700, total: 95)
2025-11-19 15:56:43,067 - INFO - Fetched 1 ICR document metadata records (offset: 4750, total: 96)
2025-11-19 15:56:43,716 - INFO - Fetched 1 ICR document metadata records (offset: 4800, total: 97)
2025-11-19 15:56:44,365 - INFO - Fetched 1 ICR document metadata records (offset: 4850, total: 98)
2025-11-19 15:56:45,110 - INFO - Fetched 1 ICR document metadata records (offset: 4900, total: 99)
2025-11-19 15:56:45,790 - INFO - Fetched 1 ICR document metadata records (offset: 4950, total: 100)
2025-11-19 15:56:46,438 - INFO - Fetched 1 ICR document metadata records (offset: 5000, total: 101)
2025-11-19 15:56:47,121 - INFO - Fetched 1 ICR document metadata records (offset: 5050, total: 102)
2025-11-19 15:56:47,757 - INFO - Fetched 1 ICR document metadata records (offset: 5100, total: 103)
2025-11-19 15:56:48,463 - INFO - Fetched 1 ICR document metadata records (offset: 5150, total: 104)
2025-11-19 15:56:49,088 - INFO - Fetched 1 ICR document metadata records (offset: 5200, total: 105)
2025-11-19 15:56:49,723 - INFO - Fetched 1 ICR document metadata records (offset: 5250, total: 106)
2025-11-19 15:56:50,428 - INFO - Fetched 1 ICR document metadata records (offset: 5300, total: 107)
2025-11-19 15:56:51,116 - INFO - Fetched 1 ICR document metadata records (offset: 5350, total: 108)
2025-11-19 15:56:51,802 - INFO - Fetched 1 ICR document metadata records (offset: 5400, total: 109)
2025-11-19 15:56:52,451 - INFO - Fetched 1 ICR document metadata records (offset: 5450, total: 110)
2025-11-19 15:56:53,116 - INFO - Fetched 1 ICR document metadata records (offset: 5500, total: 111)
2025-11-19 15:56:53,785 - INFO - Fetched 1 ICR document metadata records (offset: 5550, total: 112)
2025-11-19 15:56:54,423 - INFO - Fetched 1 ICR document metadata records (offset: 5600, total: 113)
2025-11-19 15:56:55,167 - INFO - Fetched 1 ICR document metadata records (offset: 5650, total: 114)
2025-11-19 15:56:55,840 - INFO - Fetched 1 ICR document metadata records (offset: 5700, total: 115)
2025-11-19 15:56:56,539 - INFO - Fetched 1 ICR document metadata records (offset: 5750, total: 116)
2025-11-19 15:56:57,235 - INFO - Fetched 1 ICR document metadata records (offset: 5800, total: 117)
2025-11-19 15:56:57,860 - INFO - Fetched 1 ICR document metadata records (offset: 5850, total: 118)
2025-11-19 15:56:58,536 - INFO - Fetched 1 ICR document metadata records (offset: 5900, total: 119)
2025-11-19 15:56:59,169 - INFO - Fetched 1 ICR document metadata records (offset: 5950, total: 120)
2025-11-19 15:56:59,883 - INFO - Fetched 1 ICR document metadata records (offset: 6000, total: 121)
2025-11-19 15:57:00,557 - INFO - Fetched 1 ICR document metadata records (offset: 6050, total: 122)
2025-11-19 15:57:01,238 - INFO - Fetched 1 ICR document metadata records (offset: 6100, total: 123)
2025-11-19 15:57:01,900 - INFO - Fetched 1 ICR document metadata records (offset: 6150, total: 124)
2025-11-19 15:57:02,557 - INFO - Fetched 1 ICR document metadata records (offset: 6200, total: 125)
2025-11-19 15:57:03,373 - INFO - Fetched 1 ICR document metadata records (offset: 6250, total: 126)
2025-11-19 15:57:04,017 - INFO - Fetched 1 ICR document metadata records (offset: 6300, total: 127)
2025-11-19 15:57:04,703 - INFO - Fetched 1 ICR document metadata records (offset: 6350, total: 128)
2025-11-19 15:57:05,351 - INFO - Fetched 1 ICR document metadata records (offset: 6400, total: 129)
2025-11-19 15:57:06,041 - INFO - Fetched 1 ICR document metadata records (offset: 6450, total: 130)
2025-11-19 15:57:06,686 - INFO - Fetched 1 ICR document metadata records (offset: 6500, total: 131)
2025-11-19 15:57:07,331 - INFO - Fetched 1 ICR document metadata records (offset: 6550, total: 132)
2025-11-19 15:57:08,134 - INFO - Fetched 1 ICR document metadata records (offset: 6600, total: 133)
2025-11-19 15:57:08,798 - INFO - Fetched 1 ICR document metadata records (offset: 6650, total: 134)
2025-11-19 15:57:09,495 - INFO - Fetched 1 ICR document metadata records (offset: 6700, total: 135)
2025-11-19 15:57:10,203 - INFO - Fetched 1 ICR document metadata records (offset: 6750, total: 136)
2025-11-19 15:57:10,901 - INFO - Fetched 1 ICR document metadata records (offset: 6800, total: 137)
2025-11-19 15:57:11,604 - INFO - Fetched 1 ICR document metadata records (offset: 6850, total: 138)
2025-11-19 15:57:12,229 - INFO - Fetched 1 ICR document metadata records (offset: 6900, total: 139)
2025-11-19 15:57:13,047 - INFO - Fetched 1 ICR document metadata records (offset: 6950, total: 140)
2025-11-19 15:57:13,707 - INFO - Fetched 1 ICR document metadata records (offset: 7000, total: 141)
2025-11-19 15:57:14,335 - INFO - Fetched 1 ICR document metadata records (offset: 7050, total: 142)
2025-11-19 15:57:14,978 - INFO - Fetched 1 ICR document metadata records (offset: 7100, total: 143)
2025-11-19 15:57:15,598 - INFO - Fetched 1 ICR document metadata records (offset: 7150, total: 144)
2025-11-19 15:57:16,333 - INFO - Fetched 1 ICR document metadata records (offset: 7200, total: 145)
2025-11-19 15:57:17,035 - INFO - Fetched 1 ICR document metadata records (offset: 7250, total: 146)
2025-11-19 15:57:17,700 - INFO - Fetched 1 ICR document metadata records (offset: 7300, total: 147)
2025-11-19 15:57:18,334 - INFO - Fetched 1 ICR document metadata records (offset: 7350, total: 148)
2025-11-19 15:57:18,967 - INFO - Fetched 1 ICR document metadata records (offset: 7400, total: 149)
2025-11-19 15:57:19,585 - INFO - Fetched 1 ICR document metadata records (offset: 7450, total: 150)
2025-11-19 15:57:20,250 - INFO - Fetched 1 ICR document metadata records (offset: 7500, total: 151)
2025-11-19 15:57:20,899 - INFO - Fetched 1 ICR document metadata records (offset: 7550, total: 152)
2025-11-19 15:57:21,551 - INFO - Fetched 1 ICR document metadata records (offset: 7600, total: 153)
2025-11-19 15:57:22,197 - INFO - Fetched 1 ICR document metadata records (offset: 7650, total: 154)
2025-11-19 15:57:22,845 - INFO - Fetched 1 ICR document metadata records (offset: 7700, total: 155)
2025-11-19 15:57:23,547 - INFO - Fetched 1 ICR document metadata records (offset: 7750, total: 156)
2025-11-19 15:57:24,219 - INFO - Fetched 1 ICR document metadata records (offset: 7800, total: 157)
2025-11-19 15:57:24,909 - INFO - Fetched 1 ICR document metadata records (offset: 7850, total: 158)
2025-11-19 15:57:25,600 - INFO - Fetched 1 ICR document metadata records (offset: 7900, total: 159)
2025-11-19 15:57:26,277 - INFO - Fetched 1 ICR document metadata records (offset: 7950, total: 160)
2025-11-19 15:57:26,955 - INFO - Fetched 1 ICR document metadata records (offset: 8000, total: 161)
2025-11-19 15:57:27,616 - INFO - Fetched 1 ICR document metadata records (offset: 8050, total: 162)
2025-11-19 15:57:28,328 - INFO - Fetched 1 ICR document metadata records (offset: 8100, total: 163)
2025-11-19 15:57:29,003 - INFO - Fetched 1 ICR document metadata records (offset: 8150, total: 164)
2025-11-19 15:57:29,620 - INFO - Fetched 1 ICR document metadata records (offset: 8200, total: 165)
2025-11-19 15:57:30,353 - INFO - Fetched 1 ICR document metadata records (offset: 8250, total: 166)
2025-11-19 15:57:31,101 - INFO - Fetched 1 ICR document metadata records (offset: 8300, total: 167)
2025-11-19 15:57:31,721 - INFO - Fetched 1 ICR document metadata records (offset: 8350, total: 168)
2025-11-19 15:57:32,397 - INFO - Fetched 1 ICR document metadata records (offset: 8400, total: 169)
2025-11-19 15:57:33,052 - INFO - Fetched 1 ICR document metadata records (offset: 8450, total: 170)
2025-11-19 15:57:33,722 - INFO - Fetched 1 ICR document metadata records (offset: 8500, total: 171)
2025-11-19 15:57:34,407 - INFO - Fetched 1 ICR document metadata records (offset: 8550, total: 172)
2025-11-19 15:57:35,043 - INFO - Fetched 1 ICR document metadata records (offset: 8600, total: 173)
2025-11-19 15:57:35,772 - INFO - Fetched 1 ICR document metadata records (offset: 8650, total: 174)
2025-11-19 15:57:36,416 - INFO - Fetched 1 ICR document metadata records (offset: 8700, total: 175)
2025-11-19 15:57:37,039 - INFO - Fetched 1 ICR document metadata records (offset: 8750, total: 176)
2025-11-19 15:57:37,722 - INFO - Fetched 1 ICR document metadata records (offset: 8800, total: 177)
2025-11-19 15:57:38,375 - INFO - Fetched 1 ICR document metadata records (offset: 8850, total: 178)
2025-11-19 15:57:39,028 - INFO - Fetched 1 ICR document metadata records (offset: 8900, total: 179)
2025-11-19 15:57:39,751 - INFO - Fetched 1 ICR document metadata records (offset: 8950, total: 180)
2025-11-19 15:57:40,382 - INFO - Fetched 1 ICR document metadata records (offset: 9000, total: 181)
2025-11-19 15:57:41,108 - INFO - Fetched 1 ICR document metadata records (offset: 9050, total: 182)
2025-11-19 15:57:41,791 - INFO - Fetched 1 ICR document metadata records (offset: 9100, total: 183)
2025-11-19 15:57:42,488 - INFO - Fetched 1 ICR document metadata records (offset: 9150, total: 184)
2025-11-19 15:57:43,138 - INFO - Fetched 1 ICR document metadata records (offset: 9200, total: 185)
2025-11-19 15:57:43,824 - INFO - Fetched 1 ICR document metadata records (offset: 9250, total: 186)
2025-11-19 15:57:44,447 - INFO - Fetched 1 ICR document metadata records (offset: 9300, total: 187)
2025-11-19 15:57:45,103 - INFO - Fetched 1 ICR document metadata records (offset: 9350, total: 188)
2025-11-19 15:57:45,725 - INFO - Fetched 1 ICR document metadata records (offset: 9400, total: 189)
2025-11-19 15:57:46,394 - INFO - Fetched 1 ICR document metadata records (offset: 9450, total: 190)
2025-11-19 15:57:47,086 - INFO - Fetched 1 ICR document metadata records (offset: 9500, total: 191)
2025-11-19 15:57:47,713 - INFO - Fetched 1 ICR document metadata records (offset: 9550, total: 192)
2025-11-19 15:57:48,419 - INFO - Fetched 1 ICR document metadata records (offset: 9600, total: 193)
2025-11-19 15:57:49,228 - INFO - Fetched 1 ICR document metadata records (offset: 9650, total: 194)
2025-11-19 15:57:49,885 - INFO - Fetched 1 ICR document metadata records (offset: 9700, total: 195)
2025-11-19 15:57:50,535 - INFO - Fetched 1 ICR document metadata records (offset: 9750, total: 196)
2025-11-19 15:57:51,210 - INFO - Fetched 1 ICR document metadata records (offset: 9800, total: 197)
2025-11-19 15:57:51,903 - INFO - Fetched 1 ICR document metadata records (offset: 9850, total: 198)
2025-11-19 15:57:52,611 - INFO - Fetched 1 ICR document metadata records (offset: 9900, total: 199)
2025-11-19 15:57:53,304 - INFO - Fetched 1 ICR document metadata records (offset: 9950, total: 200)
2025-11-19 15:57:53,304 - ERROR - Error processing document metadata: 'str' object has no attribute 'get'
2025-11-19 15:57:53,304 - ERROR - Error processing document metadata: 'str' object has no attribute 'get'
2025-11-19 15:57:53,304 - ERROR - Error processing document metadata: 'str' object has no attribute 'get'
2025-11-19 15:57:53,304 - ERROR - Error processing document metadata: 'str' object has no attribute 'get'
2025-11-19 15:57:53,304 - ERROR - Error processing document metadata: 'str' object has no attribute 'get'
2025-11-19 15:57:53,305 - ERROR - Error processing document metadata: 'str' object has no attribute 'get'
2025-11-19 15:57:53,305 - ERROR - Error processing document metadata: 'str' object has no attribute 'get'
2025-11-19 15:57:53,305 - ERROR - Error processing document metadata: 'str' object has no attribute 'get'
2025-11-19 15:57:53,305 - ERROR - Error processing document metadata: 'str' object has no attribute 'get'
2025-11-19 15:57:53,305 - ERROR - Error processing document metadata: 'str' object has no attribute 'get'
2025-11-19 15:57:53,305 - ERROR - Error processing document metadata: 'str' object has no attribute 'get'
2025-11-19 15:57:53,305 - ERROR - Error processing document metadata: 'str' object has no attribute 'get'
2025-11-19 15:57:53,305 - ERROR - Error processing document metadata: 'str' object has no attribute 'get'
2025-11-19 15:57:53,305 - ERROR - Error processing document metadata: 'str' object has no attribute 'get'
2025-11-19 15:57:53,305 - ERROR - Error processing document metadata: 'str' object has no attribute 'get'
2025-11-19 15:57:53,305 - ERROR - Error processing document metadata: 'str' object has no attribute 'get'
2025-11-19 15:57:53,305 - ERROR - Error processing document metadata: 'str' object has no attribute 'get'
2025-11-19 15:57:53,305 - ERROR - Error processing document metadata: 'str' object has no attribute 'get'
2025-11-19 15:57:53,305 - ERROR - Error processing document metadata: 'str' object has no attribute 'get'
2025-11-19 15:57:53,305 - ERROR - Error processing document metadata: 'str' object has no attribute 'get'
2025-11-19 15:57:53,305 - ERROR - Error processing document metadata: 'str' object has no attribute 'get'
2025-11-19 15:57:53,305 - ERROR - Error processing document metadata: 'str' object has no attribute 'get'
2025-11-19 15:57:53,305 - ERROR - Error processing document metadata: 'str' object has no attribute 'get'
2025-11-19 15:57:53,305 - ERROR - Error processing document metadata: 'str' object has no attribute 'get'
2025-11-19 15:57:53,305 - ERROR - Error processing document metadata: 'str' object has no attribute 'get'
2025-11-19 15:57:53,305 - ERROR - Error processing document metadata: 'str' object has no attribute 'get'
2025-11-19 15:57:53,305 - ERROR - Error processing document metadata: 'str' object has no attribute 'get'
2025-11-19 15:57:53,306 - ERROR - Error processing document metadata: 'str' object has no attribute 'get'
2025-11-19 15:57:53,306 - ERROR - Error processing document metadata: 'str' object has no attribute 'get'
2025-11-19 15:57:53,306 - ERROR - Error processing document metadata: 'str' object has no attribute 'get'
2025-11-19 15:57:53,306 - ERROR - Error processing document metadata: 'str' object has no attribute 'get'
2025-11-19 15:57:53,306 - ERROR - Error processing document metadata: 'str' object has no attribute 'get'
2025-11-19 15:57:53,306 - ERROR - Error processing document metadata: 'str' object has no attribute 'get'
2025-11-19 15:57:53,306 - ERROR - Error processing document metadata: 'str' object has no attribute 'get'
2025-11-19 15:57:53,306 - ERROR - Error processing document metadata: 'str' object has no attribute 'get'
2025-11-19 15:57:53,306 - ERROR - Error processing document metadata: 'str' object has no attribute 'get'
2025-11-19 15:57:53,306 - ERROR - Error processing document metadata: 'str' object has no attribute 'get'
2025-11-19 15:57:53,306 - ERROR - Error processing document metadata: 'str' object has no attribute 'get'
2025-11-19 15:57:53,306 - ERROR - Error processing document metadata: 'str' object has no attribute 'get'
2025-11-19 15:57:53,306 - ERROR - Error processing document metadata: 'str' object has no attribute 'get'
2025-11-19 15:57:53,306 - ERROR - Error processing document metadata: 'str' object has no attribute 'get'
2025-11-19 15:57:53,306 - ERROR - Error processing document metadata: 'str' object has no attribute 'get'
2025-11-19 15:57:53,306 - ERROR - Error processing document metadata: 'str' object has no attribute 'get'
2025-11-19 15:57:53,306 - ERROR - Error processing document metadata: 'str' object has no attribute 'get'
2025-11-19 15:57:53,306 - ERROR - Error processing document metadata: 'str' object has no attribute 'get'
2025-11-19 15:57:53,306 - ERROR - Error processing document metadata: 'str' object has no attribute 'get'
2025-11-19 15:57:53,306 - ERROR - Error processing document metadata: 'str' object has no attribute 'get'
2025-11-19 15:57:53,306 - ERROR - Error processing document metadata: 'str' object has no attribute 'get'
2025-11-19 15:57:53,306 - ERROR - Error processing document metadata: 'str' object has no attribute 'get'
2025-11-19 15:57:53,306 - ERROR - Error processing document metadata: 'str' object has no attribute 'get'
2025-11-19 15:57:53,306 - ERROR - Error processing document metadata: 'str' object has no attribute 'get'
2025-11-19 15:57:53,306 - ERROR - Error processing document metadata: 'str' object has no attribute 'get'
2025-11-19 15:57:53,306 - ERROR - Error processing document metadata: 'str' object has no attribute 'get'
2025-11-19 15:57:53,306 - ERROR - Error processing document metadata: 'str' object has no attribute 'get'
2025-11-19 15:57:53,306 - ERROR - Error processing document metadata: 'str' object has no attribute 'get'
2025-11-19 15:57:53,307 - ERROR - Error processing document metadata: 'str' object has no attribute 'get'
2025-11-19 15:57:53,307 - ERROR - Error processing document metadata: 'str' object has no attribute 'get'
2025-11-19 15:57:53,307 - ERROR - Error processing document metadata: 'str' object has no attribute 'get'
2025-11-19 15:57:53,307 - ERROR - Error processing document metadata: 'str' object has no attribute 'get'
2025-11-19 15:57:53,307 - ERROR - Error processing document metadata: 'str' object has no attribute 'get'
2025-11-19 15:57:53,307 - ERROR - Error processing document metadata: 'str' object has no attribute 'get'
2025-11-19 15:57:53,307 - ERROR - Error processing document metadata: 'str' object has no attribute 'get'
2025-11-19 15:57:53,307 - ERROR - Error processing document metadata: 'str' object has no attribute 'get'
2025-11-19 15:57:53,307 - ERROR - Error processing document metadata: 'str' object has no attribute 'get'
2025-11-19 15:57:53,307 - ERROR - Error processing document metadata: 'str' object has no attribute 'get'
2025-11-19 15:57:53,307 - ERROR - Error processing document metadata: 'str' object has no attribute 'get'
2025-11-19 15:57:53,307 - ERROR - Error processing document metadata: 'str' object has no attribute 'get'
2025-11-19 15:57:53,307 - ERROR - Error processing document metadata: 'str' object has no attribute 'get'
2025-11-19 15:57:53,307 - ERROR - Error processing document metadata: 'str' object has no attribute 'get'
2025-11-19 15:57:53,307 - ERROR - Error processing document metadata: 'str' object has no attribute 'get'
2025-11-19 15:57:53,307 - ERROR - Error processing document metadata: 'str' object has no attribute 'get'
2025-11-19 15:57:53,307 - ERROR - Error processing document metadata: 'str' object has no attribute 'get'
2025-11-19 15:57:53,307 - ERROR - Error processing document metadata: 'str' object has no attribute 'get'
2025-11-19 15:57:53,307 - ERROR - Error processing document metadata: 'str' object has no attribute 'get'
2025-11-19 15:57:53,307 - ERROR - Error processing document metadata: 'str' object has no attribute 'get'
2025-11-19 15:57:53,307 - ERROR - Error processing document metadata: 'str' object has no attribute 'get'
2025-11-19 15:57:53,307 - ERROR - Error processing document metadata: 'str' object has no attribute 'get'
2025-11-19 15:57:53,307 - ERROR - Error processing document metadata: 'str' object has no attribute 'get'
2025-11-19 15:57:53,307 - ERROR - Error processing document metadata: 'str' object has no attribute 'get'
2025-11-19 15:57:53,307 - ERROR - Error processing document metadata: 'str' object has no attribute 'get'
2025-11-19 15:57:53,308 - ERROR - Error processing document metadata: 'str' object has no attribute 'get'
2025-11-19 15:57:53,308 - ERROR - Error processing document metadata: 'str' object has no attribute 'get'
2025-11-19 15:57:53,308 - ERROR - Error processing document metadata: 'str' object has no attribute 'get'
2025-11-19 15:57:53,308 - ERROR - Error processing document metadata: 'str' object has no attribute 'get'
2025-11-19 15:57:53,308 - ERROR - Error processing document metadata: 'str' object has no attribute 'get'
2025-11-19 15:57:53,308 - ERROR - Error processing document metadata: 'str' object has no attribute 'get'
2025-11-19 15:57:53,308 - ERROR - Error processing document metadata: 'str' object has no attribute 'get'
2025-11-19 15:57:53,308 - ERROR - Error processing document metadata: 'str' object has no attribute 'get'
2025-11-19 15:57:53,308 - ERROR - Error processing document metadata: 'str' object has no attribute 'get'
2025-11-19 15:57:53,308 - ERROR - Error processing document metadata: 'str' object has no attribute 'get'
2025-11-19 15:57:53,308 - ERROR - Error processing document metadata: 'str' object has no attribute 'get'
2025-11-19 15:57:53,308 - ERROR - Error processing document metadata: 'str' object has no attribute 'get'
2025-11-19 15:57:53,308 - ERROR - Error processing document metadata: 'str' object has no attribute 'get'
2025-11-19 15:57:53,308 - ERROR - Error processing document metadata: 'str' object has no attribute 'get'
2025-11-19 15:57:53,308 - ERROR - Error processing document metadata: 'str' object has no attribute 'get'
2025-11-19 15:57:53,308 - ERROR - Error processing document metadata: 'str' object has no attribute 'get'
2025-11-19 15:57:53,308 - ERROR - Error processing document metadata: 'str' object has no attribute 'get'
2025-11-19 15:57:53,308 - ERROR - Error processing document metadata: 'str' object has no attribute 'get'
2025-11-19 15:57:53,308 - ERROR - Error processing document metadata: 'str' object has no attribute 'get'
2025-11-19 15:57:53,308 - ERROR - Error processing document metadata: 'str' object has no attribute 'get'
2025-11-19 15:57:53,308 - ERROR - Error processing document metadata: 'str' object has no attribute 'get'
2025-11-19 15:57:53,308 - ERROR - Error processing document metadata: 'str' object has no attribute 'get'
2025-11-19 15:57:53,308 - ERROR - Error processing document metadata: 'str' object has no attribute 'get'
2025-11-19 15:57:53,308 - ERROR - Error processing document metadata: 'str' object has no attribute 'get'
2025-11-19 15:57:53,309 - ERROR - Error processing document metadata: 'str' object has no attribute 'get'
2025-11-19 15:57:53,309 - ERROR - Error processing document metadata: 'str' object has no attribute 'get'
2025-11-19 15:57:53,309 - ERROR - Error processing document metadata: 'str' object has no attribute 'get'
2025-11-19 15:57:53,309 - ERROR - Error processing document metadata: 'str' object has no attribute 'get'
2025-11-19 15:57:53,309 - ERROR - Error processing document metadata: 'str' object has no attribute 'get'
2025-11-19 15:57:53,309 - ERROR - Error processing document metadata: 'str' object has no attribute 'get'
2025-11-19 15:57:53,309 - ERROR - Error processing document metadata: 'str' object has no attribute 'get'
2025-11-19 15:57:53,309 - ERROR - Error processing document metadata: 'str' object has no attribute 'get'
2025-11-19 15:57:53,309 - ERROR - Error processing document metadata: 'str' object has no attribute 'get'
2025-11-19 15:57:53,309 - ERROR - Error processing document metadata: 'str' object has no attribute 'get'
2025-11-19 15:57:53,309 - ERROR - Error processing document metadata: 'str' object has no attribute 'get'
2025-11-19 15:57:53,309 - ERROR - Error processing document metadata: 'str' object has no attribute 'get'
2025-11-19 15:57:53,309 - ERROR - Error processing document metadata: 'str' object has no attribute 'get'
2025-11-19 15:57:53,309 - ERROR - Error processing document metadata: 'str' object has no attribute 'get'
2025-11-19 15:57:53,309 - ERROR - Error processing document metadata: 'str' object has no attribute 'get'
2025-11-19 15:57:53,309 - ERROR - Error processing document metadata: 'str' object has no attribute 'get'
2025-11-19 15:57:53,309 - ERROR - Error processing document metadata: 'str' object has no attribute 'get'
2025-11-19 15:57:53,309 - ERROR - Error processing document metadata: 'str' object has no attribute 'get'
2025-11-19 15:57:53,309 - ERROR - Error processing document metadata: 'str' object has no attribute 'get'
2025-11-19 15:57:53,309 - ERROR - Error processing document metadata: 'str' object has no attribute 'get'
2025-11-19 15:57:53,309 - ERROR - Error processing document metadata: 'str' object has no attribute 'get'
2025-11-19 15:57:53,309 - ERROR - Error processing document metadata: 'str' object has no attribute 'get'
2025-11-19 15:57:53,309 - ERROR - Error processing document metadata: 'str' object has no attribute 'get'
2025-11-19 15:57:53,309 - ERROR - Error processing document metadata: 'str' object has no attribute 'get'
2025-11-19 15:57:53,309 - ERROR - Error processing document metadata: 'str' object has no attribute 'get'
2025-11-19 15:57:53,309 - ERROR - Error processing document metadata: 'str' object has no attribute 'get'
2025-11-19 15:57:53,309 - ERROR - Error processing document metadata: 'str' object has no attribute 'get'
2025-11-19 15:57:53,310 - ERROR - Error processing document metadata: 'str' object has no attribute 'get'
2025-11-19 15:57:53,310 - ERROR - Error processing document metadata: 'str' object has no attribute 'get'
2025-11-19 15:57:53,310 - ERROR - Error processing document metadata: 'str' object has no attribute 'get'
2025-11-19 15:57:53,310 - ERROR - Error processing document metadata: 'str' object has no attribute 'get'
2025-11-19 15:57:53,310 - ERROR - Error processing document metadata: 'str' object has no attribute 'get'
2025-11-19 15:57:53,310 - ERROR - Error processing document metadata: 'str' object has no attribute 'get'
2025-11-19 15:57:53,310 - ERROR - Error processing document metadata: 'str' object has no attribute 'get'
2025-11-19 15:57:53,310 - ERROR - Error processing document metadata: 'str' object has no attribute 'get'
2025-11-19 15:57:53,310 - ERROR - Error processing document metadata: 'str' object has no attribute 'get'
2025-11-19 15:57:53,310 - ERROR - Error processing document metadata: 'str' object has no attribute 'get'
2025-11-19 15:57:53,310 - ERROR - Error processing document metadata: 'str' object has no attribute 'get'
2025-11-19 15:57:53,310 - ERROR - Error processing document metadata: 'str' object has no attribute 'get'
2025-11-19 15:57:53,310 - ERROR - Error processing document metadata: 'str' object has no attribute 'get'
2025-11-19 15:57:53,310 - ERROR - Error processing document metadata: 'str' object has no attribute 'get'
2025-11-19 15:57:53,310 - ERROR - Error processing document metadata: 'str' object has no attribute 'get'
2025-11-19 15:57:53,310 - ERROR - Error processing document metadata: 'str' object has no attribute 'get'
2025-11-19 15:57:53,310 - ERROR - Error processing document metadata: 'str' object has no attribute 'get'
2025-11-19 15:57:53,310 - ERROR - Error processing document metadata: 'str' object has no attribute 'get'
2025-11-19 15:57:53,310 - ERROR - Error processing document metadata: 'str' object has no attribute 'get'
2025-11-19 15:57:53,310 - ERROR - Error processing document metadata: 'str' object has no attribute 'get'
2025-11-19 15:57:53,310 - ERROR - Error processing document metadata: 'str' object has no attribute 'get'
2025-11-19 15:57:53,310 - ERROR - Error processing document metadata: 'str' object has no attribute 'get'
2025-11-19 15:57:53,310 - ERROR - Error processing document metadata: 'str' object has no attribute 'get'
2025-11-19 15:57:53,310 - ERROR - Error processing document metadata: 'str' object has no attribute 'get'
2025-11-19 15:57:53,310 - ERROR - Error processing document metadata: 'str' object has no attribute 'get'
2025-11-19 15:57:53,310 - ERROR - Error processing document metadata: 'str' object has no attribute 'get'
2025-11-19 15:57:53,311 - ERROR - Error processing document metadata: 'str' object has no attribute 'get'
2025-11-19 15:57:53,311 - ERROR - Error processing document metadata: 'str' object has no attribute 'get'
2025-11-19 15:57:53,311 - ERROR - Error processing document metadata: 'str' object has no attribute 'get'
2025-11-19 15:57:53,311 - ERROR - Error processing document metadata: 'str' object has no attribute 'get'
2025-11-19 15:57:53,311 - ERROR - Error processing document metadata: 'str' object has no attribute 'get'
2025-11-19 15:57:53,311 - ERROR - Error processing document metadata: 'str' object has no attribute 'get'
2025-11-19 15:57:53,311 - ERROR - Error processing document metadata: 'str' object has no attribute 'get'
2025-11-19 15:57:53,311 - ERROR - Error processing document metadata: 'str' object has no attribute 'get'
2025-11-19 15:57:53,311 - ERROR - Error processing document metadata: 'str' object has no attribute 'get'
2025-11-19 15:57:53,311 - ERROR - Error processing document metadata: 'str' object has no attribute 'get'
2025-11-19 15:57:53,311 - ERROR - Error processing document metadata: 'str' object has no attribute 'get'
2025-11-19 15:57:53,311 - ERROR - Error processing document metadata: 'str' object has no attribute 'get'
2025-11-19 15:57:53,311 - ERROR - Error processing document metadata: 'str' object has no attribute 'get'
2025-11-19 15:57:53,311 - ERROR - Error processing document metadata: 'str' object has no attribute 'get'
2025-11-19 15:57:53,311 - ERROR - Error processing document metadata: 'str' object has no attribute 'get'
2025-11-19 15:57:53,311 - ERROR - Error processing document metadata: 'str' object has no attribute 'get'
2025-11-19 15:57:53,311 - ERROR - Error processing document metadata: 'str' object has no attribute 'get'
2025-11-19 15:57:53,311 - ERROR - Error processing document metadata: 'str' object has no attribute 'get'
2025-11-19 15:57:53,311 - ERROR - Error processing document metadata: 'str' object has no attribute 'get'
2025-11-19 15:57:53,311 - ERROR - Error processing document metadata: 'str' object has no attribute 'get'
2025-11-19 15:57:53,311 - ERROR - Error processing document metadata: 'str' object has no attribute 'get'
2025-11-19 15:57:53,311 - ERROR - Error processing document metadata: 'str' object has no attribute 'get'
2025-11-19 15:57:53,311 - ERROR - Error processing document metadata: 'str' object has no attribute 'get'
2025-11-19 15:57:53,311 - ERROR - Error processing document metadata: 'str' object has no attribute 'get'
2025-11-19 15:57:53,311 - ERROR - Error processing document metadata: 'str' object has no attribute 'get'
2025-11-19 15:57:53,311 - ERROR - Error processing document metadata: 'str' object has no attribute 'get'
2025-11-19 15:57:53,311 - ERROR - Error processing document metadata: 'str' object has no attribute 'get'
2025-11-19 15:57:53,312 - ERROR - Error processing document metadata: 'str' object has no attribute 'get'
2025-11-19 15:57:53,312 - ERROR - Error processing document metadata: 'str' object has no attribute 'get'
2025-11-19 15:57:53,312 - ERROR - Error processing document metadata: 'str' object has no attribute 'get'
2025-11-19 15:57:53,312 - ERROR - Error processing document metadata: 'str' object has no attribute 'get'
2025-11-19 15:57:53,312 - ERROR - Error processing document metadata: 'str' object has no attribute 'get'
2025-11-19 15:57:53,312 - ERROR - Error processing document metadata: 'str' object has no attribute 'get'
2025-11-19 15:57:53,312 - ERROR - Error processing document metadata: 'str' object has no attribute 'get'
2025-11-19 15:57:53,312 - ERROR - Error processing document metadata: 'str' object has no attribute 'get'
2025-11-19 15:57:53,312 - ERROR - Error processing document metadata: 'str' object has no attribute 'get'
2025-11-19 15:57:53,312 - ERROR - Error processing document metadata: 'str' object has no attribute 'get'
2025-11-19 15:57:53,312 - ERROR - Error processing document metadata: 'str' object has no attribute 'get'
2025-11-19 15:57:53,312 - ERROR - Error processing document metadata: 'str' object has no attribute 'get'
2025-11-19 15:57:53,312 - ERROR - Error processing document metadata: 'str' object has no attribute 'get'
2025-11-19 15:57:53,312 - ERROR - Error processing document metadata: 'str' object has no attribute 'get'
2025-11-19 15:57:53,312 - ERROR - Error processing document metadata: 'str' object has no attribute 'get'
2025-11-19 15:57:53,312 - ERROR - Error processing document metadata: 'str' object has no attribute 'get'
2025-11-19 15:57:53,312 - INFO - Processed 0 ICR documents
2025-11-19 15:57:53,312 - INFO - Fetching IE document metadata (limit: 150)...
2025-11-19 15:57:53,441 - INFO - Fetched 1 IE document metadata records (offset: 0, total: 1)
2025-11-19 15:57:54,072 - INFO - Fetched 1 IE document metadata records (offset: 50, total: 2)
2025-11-19 15:57:54,732 - INFO - Fetched 1 IE document metadata records (offset: 100, total: 3)
2025-11-19 15:57:55,370 - INFO - Fetched 1 IE document metadata records (offset: 150, total: 4)
2025-11-19 15:57:56,025 - INFO - Fetched 1 IE document metadata records (offset: 200, total: 5)
2025-11-19 15:57:56,648 - INFO - Fetched 1 IE document metadata records (offset: 250, total: 6)
2025-11-19 15:57:57,301 - INFO - Fetched 1 IE document metadata records (offset: 300, total: 7)
2025-11-19 15:57:57,970 - INFO - Fetched 1 IE document metadata records (offset: 350, total: 8)
2025-11-19 15:57:58,661 - INFO - Fetched 1 IE document metadata records (offset: 400, total: 9)
2025-11-19 15:57:59,584 - INFO - Fetched 1 IE document metadata records (offset: 450, total: 10)
2025-11-19 15:58:00,207 - INFO - Fetched 1 IE document metadata records (offset: 500, total: 11)
2025-11-19 15:58:00,910 - INFO - Fetched 1 IE document metadata records (offset: 550, total: 12)
2025-11-19 15:58:01,625 - INFO - Fetched 1 IE document metadata records (offset: 600, total: 13)
2025-11-19 15:58:02,265 - INFO - Fetched 1 IE document metadata records (offset: 650, total: 14)
2025-11-19 15:58:02,945 - INFO - Fetched 1 IE document metadata records (offset: 700, total: 15)
2025-11-19 15:58:03,584 - INFO - Fetched 1 IE document metadata records (offset: 750, total: 16)
2025-11-19 15:58:04,279 - INFO - Fetched 1 IE document metadata records (offset: 800, total: 17)
2025-11-19 15:58:04,946 - INFO - Fetched 1 IE document metadata records (offset: 850, total: 18)
2025-11-19 15:58:05,618 - INFO - Fetched 1 IE document metadata records (offset: 900, total: 19)
2025-11-19 15:58:06,295 - INFO - Fetched 1 IE document metadata records (offset: 950, total: 20)
2025-11-19 15:58:06,991 - INFO - Fetched 1 IE document metadata records (offset: 1000, total: 21)
2025-11-19 15:58:07,647 - INFO - Fetched 1 IE document metadata records (offset: 1050, total: 22)
2025-11-19 15:58:08,338 - INFO - Fetched 1 IE document metadata records (offset: 1100, total: 23)
2025-11-19 15:58:08,984 - INFO - Fetched 1 IE document metadata records (offset: 1150, total: 24)
2025-11-19 15:58:09,648 - INFO - Fetched 1 IE document metadata records (offset: 1200, total: 25)
2025-11-19 15:58:10,339 - INFO - Fetched 1 IE document metadata records (offset: 1250, total: 26)
2025-11-19 15:58:10,995 - INFO - Fetched 1 IE document metadata records (offset: 1300, total: 27)
2025-11-19 15:58:11,607 - INFO - Fetched 1 IE document metadata records (offset: 1350, total: 28)
2025-11-19 15:58:12,358 - INFO - Fetched 1 IE document metadata records (offset: 1400, total: 29)
2025-11-19 15:58:13,112 - INFO - Fetched 1 IE document metadata records (offset: 1450, total: 30)
2025-11-19 15:58:13,834 - INFO - Fetched 1 IE document metadata records (offset: 1500, total: 31)
2025-11-19 15:58:14,466 - INFO - Fetched 1 IE document metadata records (offset: 1550, total: 32)
2025-11-19 15:58:15,199 - INFO - Fetched 1 IE document metadata records (offset: 1600, total: 33)
2025-11-19 15:58:15,929 - INFO - Fetched 1 IE document metadata records (offset: 1650, total: 34)
2025-11-19 15:58:16,572 - INFO - Fetched 1 IE document metadata records (offset: 1700, total: 35)
2025-11-19 15:58:17,196 - INFO - Fetched 1 IE document metadata records (offset: 1750, total: 36)
2025-11-19 15:58:17,837 - INFO - Fetched 1 IE document metadata records (offset: 1800, total: 37)
2025-11-19 15:58:18,649 - INFO - Fetched 1 IE document metadata records (offset: 1850, total: 38)
2025-11-19 15:58:19,343 - INFO - Fetched 1 IE document metadata records (offset: 1900, total: 39)
2025-11-19 15:58:20,023 - INFO - Fetched 1 IE document metadata records (offset: 1950, total: 40)
2025-11-19 15:58:20,745 - INFO - Fetched 1 IE document metadata records (offset: 2000, total: 41)
2025-11-19 15:58:21,454 - INFO - Fetched 1 IE document metadata records (offset: 2050, total: 42)
2025-11-19 15:58:22,100 - INFO - Fetched 1 IE document metadata records (offset: 2100, total: 43)
2025-11-19 15:58:22,799 - INFO - Fetched 1 IE document metadata records (offset: 2150, total: 44)
2025-11-19 15:58:23,470 - INFO - Fetched 1 IE document metadata records (offset: 2200, total: 45)
2025-11-19 15:58:24,210 - INFO - Fetched 1 IE document metadata records (offset: 2250, total: 46)
2025-11-19 15:58:24,799 - ERROR - Error fetching IE at offset 2300: 500 Server Error: Internal Server Error for url: https://search.worldbank.org/api/v2/wds?format=json&topic_exact=Climate+Change&doctype_exact=Impact+Evaluation&rows=50&os=2300
2025-11-19 15:58:24,800 - ERROR - Error processing document metadata: 'str' object has no attribute 'get'
2025-11-19 15:58:24,800 - ERROR - Error processing document metadata: 'str' object has no attribute 'get'
2025-11-19 15:58:24,800 - ERROR - Error processing document metadata: 'str' object has no attribute 'get'
2025-11-19 15:58:24,800 - ERROR - Error processing document metadata: 'str' object has no attribute 'get'
2025-11-19 15:58:24,800 - ERROR - Error processing document metadata: 'str' object has no attribute 'get'
2025-11-19 15:58:24,800 - ERROR - Error processing document metadata: 'str' object has no attribute 'get'
2025-11-19 15:58:24,800 - ERROR - Error processing document metadata: 'str' object has no attribute 'get'
2025-11-19 15:58:24,800 - ERROR - Error processing document metadata: 'str' object has no attribute 'get'
2025-11-19 15:58:24,800 - ERROR - Error processing document metadata: 'str' object has no attribute 'get'
2025-11-19 15:58:24,800 - ERROR - Error processing document metadata: 'str' object has no attribute 'get'
2025-11-19 15:58:24,800 - ERROR - Error processing document metadata: 'str' object has no attribute 'get'
2025-11-19 15:58:24,800 - ERROR - Error processing document metadata: 'str' object has no attribute 'get'
2025-11-19 15:58:24,800 - ERROR - Error processing document metadata: 'str' object has no attribute 'get'
2025-11-19 15:58:24,800 - ERROR - Error processing document metadata: 'str' object has no attribute 'get'
2025-11-19 15:58:24,801 - ERROR - Error processing document metadata: 'str' object has no attribute 'get'
2025-11-19 15:58:24,801 - ERROR - Error processing document metadata: 'str' object has no attribute 'get'
2025-11-19 15:58:24,801 - ERROR - Error processing document metadata: 'str' object has no attribute 'get'
2025-11-19 15:58:24,801 - ERROR - Error processing document metadata: 'str' object has no attribute 'get'
2025-11-19 15:58:24,801 - ERROR - Error processing document metadata: 'str' object has no attribute 'get'
2025-11-19 15:58:24,801 - ERROR - Error processing document metadata: 'str' object has no attribute 'get'
2025-11-19 15:58:24,801 - ERROR - Error processing document metadata: 'str' object has no attribute 'get'
2025-11-19 15:58:24,801 - ERROR - Error processing document metadata: 'str' object has no attribute 'get'
2025-11-19 15:58:24,801 - ERROR - Error processing document metadata: 'str' object has no attribute 'get'
2025-11-19 15:58:24,801 - ERROR - Error processing document metadata: 'str' object has no attribute 'get'
2025-11-19 15:58:24,801 - ERROR - Error processing document metadata: 'str' object has no attribute 'get'
2025-11-19 15:58:24,801 - ERROR - Error processing document metadata: 'str' object has no attribute 'get'
2025-11-19 15:58:24,801 - ERROR - Error processing document metadata: 'str' object has no attribute 'get'
2025-11-19 15:58:24,801 - ERROR - Error processing document metadata: 'str' object has no attribute 'get'
2025-11-19 15:58:24,801 - ERROR - Error processing document metadata: 'str' object has no attribute 'get'
2025-11-19 15:58:24,801 - ERROR - Error processing document metadata: 'str' object has no attribute 'get'
2025-11-19 15:58:24,801 - ERROR - Error processing document metadata: 'str' object has no attribute 'get'
2025-11-19 15:58:24,801 - ERROR - Error processing document metadata: 'str' object has no attribute 'get'
2025-11-19 15:58:24,801 - ERROR - Error processing document metadata: 'str' object has no attribute 'get'
2025-11-19 15:58:24,801 - ERROR - Error processing document metadata: 'str' object has no attribute 'get'
2025-11-19 15:58:24,801 - ERROR - Error processing document metadata: 'str' object has no attribute 'get'
2025-11-19 15:58:24,801 - ERROR - Error processing document metadata: 'str' object has no attribute 'get'
2025-11-19 15:58:24,802 - ERROR - Error processing document metadata: 'str' object has no attribute 'get'
2025-11-19 15:58:24,802 - ERROR - Error processing document metadata: 'str' object has no attribute 'get'
2025-11-19 15:58:24,802 - ERROR - Error processing document metadata: 'str' object has no attribute 'get'
2025-11-19 15:58:24,802 - ERROR - Error processing document metadata: 'str' object has no attribute 'get'
2025-11-19 15:58:24,802 - ERROR - Error processing document metadata: 'str' object has no attribute 'get'
2025-11-19 15:58:24,802 - ERROR - Error processing document metadata: 'str' object has no attribute 'get'
2025-11-19 15:58:24,802 - ERROR - Error processing document metadata: 'str' object has no attribute 'get'
2025-11-19 15:58:24,802 - ERROR - Error processing document metadata: 'str' object has no attribute 'get'
2025-11-19 15:58:24,802 - ERROR - Error processing document metadata: 'str' object has no attribute 'get'
2025-11-19 15:58:24,802 - ERROR - Error processing document metadata: 'str' object has no attribute 'get'
2025-11-19 15:58:24,802 - INFO - Processed 0 IE documents
2025-11-19 15:58:24,802 - INFO - Fetching PRWP document metadata (limit: 150)...
2025-11-19 15:58:24,962 - INFO - Fetched 1 PRWP document metadata records (offset: 0, total: 1)
2025-11-19 15:58:25,607 - INFO - Fetched 1 PRWP document metadata records (offset: 50, total: 2)
2025-11-19 15:58:26,195 - ERROR - Error fetching PRWP at offset 100: 500 Server Error: Internal Server Error for url: https://search.worldbank.org/api/v2/wds?format=json&topic_exact=Climate+Change&doctype_exact=Policy+Research+Working+Paper&rows=50&os=100
2025-11-19 15:58:26,196 - ERROR - Error processing document metadata: 'str' object has no attribute 'get'
2025-11-19 15:58:26,196 - ERROR - Error processing document metadata: 'str' object has no attribute 'get'
2025-11-19 15:58:26,196 - INFO - Processed 0 PRWP documents
2025-11-19 15:58:26,196 - INFO - Saved 0 metadata entries to data/raw/worldbank/metadata/worldbank_climate_metadata.jsonl
2025-11-19 15:58:26,197 - INFO - ======================================================================
2025-11-19 15:58:26,197 - INFO - Collection Complete!
2025-11-19 15:58:26,197 - INFO - Total documents collected: 0
2025-11-19 15:58:26,197 - INFO -   - Implementation Completion Reports: 0
2025-11-19 15:58:26,197 - INFO -   - Impact Evaluations: 0
2025-11-19 15:58:26,197 - INFO -   - Policy Research Papers: 0
2025-11-19 15:58:26,197 - INFO - Duration: 168.38 seconds
2025-11-19 15:58:26,197 - INFO - Summary saved to: data/raw/worldbank/logs/collection_summary.json
2025-11-19 15:58:26,197 - INFO - Metadata saved to: data/raw/worldbank/metadata/worldbank_climate_metadata.jsonl
2025-11-19 15:58:26,197 - INFO - ======================================================================
2025-11-19 15:58:39,703 - INFO - ======================================================================
2025-11-19 15:58:39,704 - INFO - World Bank & GFDRR Climate Adaptation Metadata Collection
2025-11-19 15:58:39,704 - INFO - ======================================================================
2025-11-19 15:58:39,704 - INFO - Fetching ICR document metadata (limit: 200)...
2025-11-19 15:58:40,134 - INFO - Fetched 1 ICR document metadata records (offset: 0, total: 1)
2025-11-19 15:58:40,964 - ERROR - Error fetching ICR at offset 50: 500 Server Error: Internal Server Error for url: https://search.worldbank.org/api/v2/wds?format=json&topic_exact=Climate+Change&doctype_exact=Implementation+Completion+Report&rows=50&os=50
2025-11-19 15:58:40,965 - INFO - Processed 0 ICR documents
2025-11-19 15:58:40,965 - INFO - Fetching IE document metadata (limit: 150)...
2025-11-19 15:58:41,300 - ERROR - Error fetching IE at offset 0: 500 Server Error: Internal Server Error for url: https://search.worldbank.org/api/v2/wds?format=json&topic_exact=Climate+Change&doctype_exact=Impact+Evaluation&rows=50&os=0
2025-11-19 15:58:41,300 - INFO - Processed 0 IE documents
2025-11-19 15:58:41,300 - INFO - Fetching PRWP document metadata (limit: 150)...
2025-11-19 15:58:41,713 - ERROR - Error fetching PRWP at offset 0: 500 Server Error: Internal Server Error for url: https://search.worldbank.org/api/v2/wds?format=json&topic_exact=Climate+Change&doctype_exact=Policy+Research+Working+Paper&rows=50&os=0
2025-11-19 15:58:41,714 - INFO - Processed 0 PRWP documents
2025-11-19 15:58:41,714 - INFO - Saved 0 metadata entries to data/raw/worldbank/metadata/worldbank_climate_metadata.jsonl
2025-11-19 15:58:41,715 - INFO - ======================================================================
2025-11-19 15:58:41,715 - INFO - Collection Complete!
2025-11-19 15:58:41,715 - INFO - Total documents collected: 0
2025-11-19 15:58:41,715 - INFO -   - Implementation Completion Reports: 0
2025-11-19 15:58:41,715 - INFO -   - Impact Evaluations: 0
2025-11-19 15:58:41,715 - INFO -   - Policy Research Papers: 0
2025-11-19 15:58:41,715 - INFO - Duration: 2.01 seconds
2025-11-19 15:58:41,715 - INFO - Summary saved to: data/raw/worldbank/logs/collection_summary.json
2025-11-19 15:58:41,715 - INFO - Metadata saved to: data/raw/worldbank/metadata/worldbank_climate_metadata.jsonl
2025-11-19 15:58:41,715 - INFO - ======================================================================
