2025-11-19 15:44:06,263 - INFO - Limiting to 15 pages for testing
2025-11-19 15:44:06,264 - INFO - Directory structure created at dataset/un_sdg
2025-11-19 15:44:06,264 - INFO - Starting UN SDG document acquisition...
2025-11-19 15:44:06,649 - WARNING - Request failed (attempt 1/3): 404 Client Error: Not Found for url: https://sdgs.un.org/sites/default/files/api/documents?page=0&per_page=100&type=Report&topic=SDGs. Retrying in 1s...
2025-11-19 15:44:07,724 - WARNING - Request failed (attempt 2/3): 404 Client Error: Not Found for url: https://sdgs.un.org/sites/default/files/api/documents?page=0&per_page=100&type=Report&topic=SDGs. Retrying in 2s...
2025-11-19 15:44:09,854 - ERROR - Request failed after 3 attempts: 404 Client Error: Not Found for url: https://sdgs.un.org/sites/default/files/api/documents?page=0&per_page=100&type=Report&topic=SDGs
2025-11-19 15:44:09,986 - WARNING - Request failed (attempt 1/3): 404 Client Error: Not Found for url: https://sdgs.un.org/api/documents?page=0&per_page=100&type=Report&topic=SDGs. Retrying in 1s...
2025-11-19 15:44:11,062 - WARNING - Request failed (attempt 2/3): 404 Client Error: Not Found for url: https://sdgs.un.org/api/documents?page=0&per_page=100&type=Report&topic=SDGs. Retrying in 2s...
2025-11-19 15:44:13,226 - ERROR - Request failed after 3 attempts: 404 Client Error: Not Found for url: https://sdgs.un.org/api/documents?page=0&per_page=100&type=Report&topic=SDGs
2025-11-19 15:44:13,373 - WARNING - Request failed (attempt 1/3): 404 Client Error: Not Found for url: https://sdgs.un.org/sites/default/files/api/documents.json?page=0&per_page=100&type=Report&topic=SDGs. Retrying in 1s...
2025-11-19 15:44:14,452 - WARNING - Request failed (attempt 2/3): 404 Client Error: Not Found for url: https://sdgs.un.org/sites/default/files/api/documents.json?page=0&per_page=100&type=Report&topic=SDGs. Retrying in 2s...
2025-11-19 15:44:16,499 - ERROR - Request failed after 3 attempts: 404 Client Error: Not Found for url: https://sdgs.un.org/sites/default/files/api/documents.json?page=0&per_page=100&type=Report&topic=SDGs
2025-11-19 15:44:16,499 - WARNING - Could not access API. Using curated document list.
2025-11-19 15:44:16,499 - INFO - Total documents available: None
2025-11-19 15:44:16,499 - INFO - Filtered to 4 relevant documents from 4
2025-11-19 15:44:16,640 - WARNING - Request failed (attempt 1/3): 404 Client Error: Not Found for url: https://sdgs.un.org/sites/default/files/2023-10/GSDR_Report_2023.pdf. Retrying in 1s...
2025-11-19 15:44:17,790 - WARNING - Request failed (attempt 2/3): 404 Client Error: Not Found for url: https://sdgs.un.org/sites/default/files/2023-10/GSDR_Report_2023.pdf. Retrying in 2s...
2025-11-19 15:44:19,939 - ERROR - Request failed after 3 attempts: 404 Client Error: Not Found for url: https://sdgs.un.org/sites/default/files/2023-10/GSDR_Report_2023.pdf
2025-11-19 15:44:19,939 - WARNING - No response from: https://sdgs.un.org/sites/default/files/2023-10/GSDR_Report_2023.pdf
2025-11-19 15:44:20,581 - WARNING - Request failed (attempt 1/3): 404 Client Error: Not Found for url: https://sdgs.un.org/sites/default/files/2022-07/Kenya_2022_VNR_Report.pdf. Retrying in 1s...
2025-11-19 15:44:21,655 - WARNING - Request failed (attempt 2/3): 404 Client Error: Not Found for url: https://sdgs.un.org/sites/default/files/2022-07/Kenya_2022_VNR_Report.pdf. Retrying in 2s...
2025-11-19 15:44:23,802 - ERROR - Request failed after 3 attempts: 404 Client Error: Not Found for url: https://sdgs.un.org/sites/default/files/2022-07/Kenya_2022_VNR_Report.pdf
2025-11-19 15:44:23,802 - WARNING - No response from: https://sdgs.un.org/sites/default/files/2022-07/Kenya_2022_VNR_Report.pdf
2025-11-19 15:44:24,498 - WARNING - Request failed (attempt 1/3): 404 Client Error: Not Found for url: https://sdgs.un.org/sites/default/files/2020-07/Ethiopia_VNR_2020.pdf. Retrying in 1s...
2025-11-19 15:44:25,669 - WARNING - Request failed (attempt 2/3): 404 Client Error: Not Found for url: https://sdgs.un.org/sites/default/files/2020-07/Ethiopia_VNR_2020.pdf. Retrying in 2s...
2025-11-19 15:44:27,799 - ERROR - Request failed after 3 attempts: 404 Client Error: Not Found for url: https://sdgs.un.org/sites/default/files/2020-07/Ethiopia_VNR_2020.pdf
2025-11-19 15:44:27,799 - WARNING - No response from: https://sdgs.un.org/sites/default/files/2020-07/Ethiopia_VNR_2020.pdf
2025-11-19 15:44:28,444 - WARNING - Request failed (attempt 1/3): 404 Client Error: Not Found for url: https://sdgs.un.org/sites/default/files/2023-07/Senegal_VNR_2023.pdf. Retrying in 1s...
2025-11-19 15:44:29,491 - WARNING - Request failed (attempt 2/3): 404 Client Error: Not Found for url: https://sdgs.un.org/sites/default/files/2023-07/Senegal_VNR_2023.pdf. Retrying in 2s...
2025-11-19 15:44:31,654 - ERROR - Request failed after 3 attempts: 404 Client Error: Not Found for url: https://sdgs.un.org/sites/default/files/2023-07/Senegal_VNR_2023.pdf
2025-11-19 15:44:31,654 - WARNING - No response from: https://sdgs.un.org/sites/default/files/2023-07/Senegal_VNR_2023.pdf
2025-11-19 15:44:32,403 - WARNING - Request failed (attempt 1/3): 404 Client Error: Not Found for url: https://sdgs.un.org/sites/default/files/api/documents?page=1&per_page=100&type=Report&topic=SDGs. Retrying in 1s...
2025-11-19 15:44:33,477 - WARNING - Request failed (attempt 2/3): 404 Client Error: Not Found for url: https://sdgs.un.org/sites/default/files/api/documents?page=1&per_page=100&type=Report&topic=SDGs. Retrying in 2s...
2025-11-19 15:44:35,525 - ERROR - Request failed after 3 attempts: 404 Client Error: Not Found for url: https://sdgs.un.org/sites/default/files/api/documents?page=1&per_page=100&type=Report&topic=SDGs
2025-11-19 15:44:35,737 - WARNING - Request failed (attempt 1/3): 404 Client Error: Not Found for url: https://sdgs.un.org/api/documents?page=1&per_page=100&type=Report&topic=SDGs. Retrying in 1s...
2025-11-19 15:44:36,786 - WARNING - Request failed (attempt 2/3): 404 Client Error: Not Found for url: https://sdgs.un.org/api/documents?page=1&per_page=100&type=Report&topic=SDGs. Retrying in 2s...
2025-11-19 15:44:38,832 - ERROR - Request failed after 3 attempts: 404 Client Error: Not Found for url: https://sdgs.un.org/api/documents?page=1&per_page=100&type=Report&topic=SDGs
2025-11-19 15:44:39,056 - WARNING - Request failed (attempt 1/3): 404 Client Error: Not Found for url: https://sdgs.un.org/sites/default/files/api/documents.json?page=1&per_page=100&type=Report&topic=SDGs. Retrying in 1s...
2025-11-19 15:44:40,208 - WARNING - Request failed (attempt 2/3): 404 Client Error: Not Found for url: https://sdgs.un.org/sites/default/files/api/documents.json?page=1&per_page=100&type=Report&topic=SDGs. Retrying in 2s...
2025-11-19 15:44:42,255 - ERROR - Request failed after 3 attempts: 404 Client Error: Not Found for url: https://sdgs.un.org/sites/default/files/api/documents.json?page=1&per_page=100&type=Report&topic=SDGs
2025-11-19 15:44:42,255 - WARNING - Could not access API. Using curated document list.
2025-11-19 15:44:42,255 - INFO - No more documents to fetch
2025-11-19 15:44:42,255 - INFO - ============================================================
2025-11-19 15:44:42,255 - INFO - UN SDG ACQUISITION SUMMARY
2025-11-19 15:44:42,255 - INFO - ============================================================
2025-11-19 15:44:42,255 - INFO - Total Downloaded: 0
2025-11-19 15:44:42,255 - INFO - Failed: 4
2025-11-19 15:44:42,255 - INFO - Skipped: 0
2025-11-19 15:44:42,256 - INFO - By Document Type: {}
2025-11-19 15:44:42,256 - INFO - By Publication Year: {}
2025-11-19 15:44:42,256 - INFO - Storage Location: dataset/un_sdg
2025-11-19 15:44:42,256 - INFO - ============================================================
