2025-11-19 14:24:31,925 - INFO - ======================================================================
2025-11-19 14:24:31,925 - INFO - UNDP ERC Data Acquisition - Demonstration Implementation
2025-11-19 14:24:31,925 - INFO - ======================================================================
2025-11-19 14:24:31,925 - INFO - 
Processing 5 sample evaluation documents...
2025-11-19 14:24:31,925 - INFO - Processing 5 evaluation documents...
2025-11-19 14:24:31,925 - INFO - Processed: Country Programme Outcome Evaluation: Climate Resilience in ...
2025-11-19 14:24:31,925 - INFO - Processed: Thematic Evaluation: Gender and Women Empowerment in Sub-Sah...
2025-11-19 14:24:31,925 - INFO - Processed: Project Evaluation: Governance Strengthening Initiative - Ba...
2025-11-19 14:24:31,925 - INFO - Processed: Country Programme Outcome Evaluation: Brazil Green Infrastru...
2025-11-19 14:24:31,926 - INFO - Processed: Joint Evaluation: UNDP-GIZ Resilience Programming in the Sah...
2025-11-19 14:24:31,926 - INFO - Total documents processed: 5
2025-11-19 14:24:31,926 - INFO - 
Generating output files...
2025-11-19 14:24:31,926 - INFO - Metadata JSON saved: /home/user/evidence-ai/metadata/undp_erc_metadata.json
2025-11-19 14:24:31,926 - INFO - Metadata CSV saved: /home/user/evidence-ai/metadata/undp_erc_metadata.csv
2025-11-19 14:24:31,927 - INFO - Metadata index saved: /home/user/evidence-ai/metadata/undp_erc_index.json
2025-11-19 14:24:31,927 - INFO - Statistics report saved: /home/user/evidence-ai/logs/undp_erc_statistics.json
2025-11-19 14:24:31,928 - INFO - 
======================================================================
2025-11-19 14:24:31,928 - INFO - Demonstration Complete
2025-11-19 14:24:31,928 - INFO - 
NOTE: This is a demonstration with sample data.
2025-11-19 14:24:31,928 - INFO - When the UNDP ERC API endpoint is available, the script will:
2025-11-19 14:24:31,928 - INFO -   1. Query the actual API endpoint
2025-11-19 14:24:31,928 - INFO -   2. Download all evaluation PDFs
2025-11-19 14:24:31,928 - INFO -   3. Extract text content
2025-11-19 14:24:31,928 - INFO -   4. Perform OCR on scanned documents
2025-11-19 14:24:31,928 - INFO -   5. Scale to ~1,500 documents
2025-11-19 14:24:31,928 - INFO - ======================================================================
